// Jest Snapshot v1, https://goo.gl/fbAQLP

exports[`AuthSignUp renders correctly AuthSignUp render as expected 1`] = `
<body>
  <div>
    <form>
      <div
        class="my-3"
      >
        <label
          class="form-label"
          for="input-user"
        >
          User
        </label>
        <input
          autocomplete="username"
          class="form-control"
          id="input-user"
          name="userId"
          type="text"
        />
      </div>
      <div
        class="my-3"
      >
        <label
          class="form-label"
          for="input-name"
        >
          Name
        </label>
        <input
          autocomplete="name"
          class="form-control"
          id="input-name"
          name="name"
          type="text"
        />
      </div>
      <div
        class="my-3"
      >
        <label
          class="form-label"
          for="input-password"
        >
          Password
        </label>
        <input
          autocomplete="new-password"
          class="form-control"
          id="input-password"
          name="password"
          type="password"
        />
      </div>
      <div
        class="my-3"
      >
        <label
          class="form-label"
          for="input-repeat-password"
        >
          Re-enter password
        </label>
        <input
          autocomplete="off"
          class="form-control"
          id="input-repeat-password"
          name="repeatPassword"
          type="password"
        />
      </div>
      <div
        class="mt-3 mb-2 d-flex align-items-center justify-content-end gap-2"
      >
        <a
          class="btn btn-outline-primary"
          href="/"
        >
          Back to Sign In
        </a>
        <button
          class="btn btn-primary"
          type="submit"
        >
          Sign Up
        </button>
      </div>
    </form>
  </div>
</body>
`;
